// Jest Snapshot v1, https://goo.gl/fbAQLP

exports[`renders the error message from props 1`] = `
<DocumentFragment>
  <div
    class="error"
    role="alert"
  >
    mock error message
  </div>
</DocumentFragment>
`;
