// Jest Snapshot v1, https://goo.gl/fbAQLP

exports[`renders correctly 1`] = `
Array [
  <div
    className="column"
  >
    <h3>
      Kelmarna Gardens
    </h3>
    <p
      className="mb-4"
    >
      Kelmarna Gardens is a city farm and organic community garden, situated on 4.5 acres of council land in Ponsonby, close to the heart of Auckland City.
    </p>
    <a
      className="word-wrap"
      href="http://www.kelmarnagardens.nz/"
    >
      http://www.kelmarnagardens.nz
    </a>
    <h2
      className="my-4"
    >
      Events
    </h2>
    <div
      className="box"
    >
      <div>
        <h4>
          Weeds worker bee
        </h4>
        <p>
          28/09/2020 8.00 am
        </p>
        <p>
          8
           volunteers needed
        </p>
        <p>
          We need to weed the upper planting beds
        </p>
      </div>
    </div>
  </div>,
  <div
    className="column"
  >
    <img
      src="/placeholder_auckland.jpg"
    />
    <p>
      12 Hukanui Crescent
    </p>
  </div>,
]
`;

exports[`renders correctly 2`] = `
Array [
  <div
    className="column"
  >
    <h3>
      Kelmarna Gardens
    </h3>
    <p
      className="mb-4"
    >
      Kelmarna Gardens is a city farm and organic community garden, situated on 4.5 acres of council land in Ponsonby, close to the heart of Auckland City.
    </p>
    <a
      className="word-wrap"
      href="http://www.kelmarnagardens.nz/"
    >
      http://www.kelmarnagardens.nz
    </a>
    <h2
      className="my-4"
    >
      Events
    </h2>
    <div
      className="box"
    >
      <div>
        <h4>
          Weeds worker bee
        </h4>
        <p>
          28/09/2020 8.00 am
        </p>
        <p>
          8
           volunteers needed
        </p>
        <p>
          We need to weed the upper planting beds
        </p>
      </div>
    </div>
  </div>,
  <div
    className="column"
  >
    <img
      src="/placeholder_auckland.jpg"
    />
    <p>
      12 Hukanui Crescent
    </p>
  </div>,
]
`;

exports[`renders correctly 3`] = `
Array [
  <div
    className="column"
  >
    <h3>
      Kelmarna Gardens
    </h3>
    <p
      className="mb-4"
    >
      Kelmarna Gardens is a city farm and organic community garden, situated on 4.5 acres of council land in Ponsonby, close to the heart of Auckland City.
    </p>
    <a
      className="word-wrap"
      href="http://www.kelmarnagardens.nz/"
    >
      http://www.kelmarnagardens.nz
    </a>
    <h2
      className="my-4"
    >
      Events
    </h2>
    <div
      className="box"
    >
      <div>
        <h4>
          Weeds worker bee
        </h4>
        <p>
          28/09/2020 8.00 am
        </p>
        <p>
          8
           volunteers needed
        </p>
        <p>
          We need to weed the upper planting beds
        </p>
      </div>
    </div>
  </div>,
  <div
    className="column"
  >
    <img
      src="/placeholder_auckland.jpg"
    />
    <p>
      12 Hukanui Crescent
    </p>
  </div>,
]
`;
