// Jest Snapshot v1, https://goo.gl/fbAQLP

exports[`renders correctly 1`] = `
<div
  className="column is-half-tablet"
>
  <div
    id="mapid"
  >
    <p>
      12 Hukanui Crescent
    </p>
  </div>
</div>
`;
