// Jest Snapshot v1, https://goo.gl/fbAQLP

exports[`renders order item correctly 1`] = `
<DocumentFragment>
  cool product3
</DocumentFragment>
`;
