// Jest Snapshot v1, https://goo.gl/fbAQLP

exports[`renders product correctly 1`] = `
<DocumentFragment>
  <div
    class="product"
  >
    <p
      class="name"
    >
      mocked product
    </p>
    <p
      class="description"
    >
      snazzy product
    </p>
    <p>
      <span
        class="country"
      >
        Lovingly made in testlandia
      </span>
      <button
        class="cart-link"
      >
        Add to cart
      </button>
    </p>
  </div>
</DocumentFragment>
`;
